20241210_171937 PyUL2.    Sys: Starting RUN at ./Simulations/20241210_171937!
20241210_171937 PyUL2.    FFT: Using 10 CPU Threads for FFT.
20241210_171937 PyUL2.     IO: Copied Current Config to ./Simulations/20241210_171937
20241210_171937 PyUL2.     IO: Data to save:
Energy 1Density NBody DF Entropy 
20241210_171937 PyUL2.  NBody: Using Linear Interpolation for gravity.
20241210_171937 PyUL2.    FFT: Simulation grid resolution is 256^3.
20241210_171937 PyUL2.   Init: Loaded standard soliton radial profile.
20241210_171938 PyUL2.    COM: [-0.00192037 -0.00192037 -0.00192037]
20241210_171938 PyUL2.     SP: Poisson Equation Solved Using FFT.
20241210_171939 PyUL2.   Init: Successfully initiated Wavefunction and NBody Initial Conditions.
20241210_171939 PyUL2.   Init: Initialised data saved!
20241210_171939 PyUL2.Runtime: Simulation name is ./Simulations/20241210_171937
20241210_171939 PyUL2.Runtime: 256 Resolution for 1
20241210_171939 PyUL2.Runtime: Simulation Started at 10/12/2024, 17:19:39.
20241210_171939 PyUL2.Runtime: Taking 205887 ULDM steps
20241210_171939 PyUL2.    COM: [-0.00192047 -0.00192047 -0.00192047]
20241210_171940 PyUL2.    COM: [-0.00192066 -0.00192066 -0.00192066]
20241210_171941 PyUL2.    COM: [-0.00192079 -0.00192079 -0.00192079]
20241210_171942 PyUL2.    COM: [-0.00192082 -0.00192082 -0.00192082]
20241210_171943 PyUL2.    COM: [-0.00192086 -0.00192086 -0.00192086]
